module None
object q_empty
enum QType
    prefix QTYPE
    member none
    member qnull
    member qnum
    member qstring
    member qdict
    member qlist
    member qbool
module doc-bad-enum-member.json
enum Foo
    member b
doc symbol=Foo
    body=

    arg=a
a
    arg=b
b
