module None
object q_empty
enum QType
    prefix QTYPE
    member none
    member qnull
    member qnum
    member qstring
    member qdict
    member qlist
    member qbool
module doc-bad-event-arg.json
event FOO None
    boxed=False
doc symbol=FOO
    body=

    arg=a
a
