module None
object q_empty
enum QType
    prefix QTYPE
    member none
    member qnull
    member qnum
    member qstring
    member qdict
    member qlist
    member qbool
module struct-member-if-invalid.json
object Stru
    member member: int optional=False
        if [True]
