QA output created by 173
Formatting 'TEST_DIR/image.base', fmt=IMGFMT size=104857600
Formatting 'TEST_DIR/image.snp1', fmt=IMGFMT size=104857600

=== Running QEMU, using block-stream to find backing image ===

{"return": {}}
{"return": {}}
{"return": {}}
{"timestamp": {"seconds":  TIMESTAMP, "microseconds":  TIMESTAMP}, "event": "JOB_STATUS_CHANGE", "data": {"status": "created", "id": "disk2"}}
{"timestamp": {"seconds":  TIMESTAMP, "microseconds":  TIMESTAMP}, "event": "JOB_STATUS_CHANGE", "data": {"status": "running", "id": "disk2"}}
{"return": {}}
{"timestamp": {"seconds":  TIMESTAMP, "microseconds":  TIMESTAMP}, "event": "JOB_STATUS_CHANGE", "data": {"status": "waiting", "id": "disk2"}}
{"timestamp": {"seconds":  TIMESTAMP, "microseconds":  TIMESTAMP}, "event": "JOB_STATUS_CHANGE", "data": {"status": "pending", "id": "disk2"}}
{"timestamp": {"seconds":  TIMESTAMP, "microseconds":  TIMESTAMP}, "event": "BLOCK_JOB_COMPLETED", "data": {"device": "disk2", "len": 0, "offset": 0, "speed": 0, "type": "stream"}}
*** done
