QA output created by 240

=== Unplug a SCSI disk and then plug it again ===

Testing:
QMP_VERSION
{"return": {}}
{"return": {}}
{"return": {}}
{"return": {}}
{"return": {}}
{"return": {}}
{"return": {}}
{"return": {}}
{"return": {}}
{"return": {}}
{"return": {}}

=== Attach two SCSI disks using the same block device and the same iothread ===

Testing:
QMP_VERSION
{"return": {}}
{"return": {}}
{"return": {}}
{"return": {}}
{"return": {}}
{"return": {}}
{"return": {}}
{"return": {}}
{"return": {}}
{"return": {}}
{"return": {}}
*** done
